---
source: src/codegen/tests/expression_tests.rs
expression: result
---
; ModuleID = 'main'
source_filename = "main"

define i32 @main() {
entry:
  %main = alloca i32, align 4
  %x = alloca i32, align 4
  %y = alloca i32, align 4
  store i32 0, i32* %x, align 4
  store i32 0, i32* %y, align 4
  store i32 0, i32* %main, align 4
  %load_x = load i32, i32* %x, align 4
  %load_y = load i32, i32* %y, align 4
  %call = call i32 @EXPT__DINT__DINT(i32 %load_x, i32 %load_y)
  store i32 %call, i32* %main, align 4
  %main_ret = load i32, i32* %main, align 4
  ret i32 %main_ret
}

declare i32 @EXPT__DINT__DINT(i32, i32)

