---
source: src/codegen/tests/code_gen_tests.rs
expression: result
---
; ModuleID = 'main'
source_filename = "main"

%main = type {}

@main_instance = global %main zeroinitializer, section "var-$RUSTY$main_instance:r0"

define void @main(%main* %0) {
entry:
  ret void
}
