---
source: src/codegen/tests/code_gen_tests.rs
expression: result
---
; ModuleID = 'main'
source_filename = "main"

%foo = type {}
%prg = type {}

@foo_instance = global %foo zeroinitializer, section "var-$RUSTY$foo_instance:r0"
@prg_instance = global %prg zeroinitializer, section "var-$RUSTY$prg_instance:r0"

define void @foo(%foo* %0) {
entry:
  ret void
}

define void @prg(%prg* %0) {
entry:
  call void @foo(%foo* @foo_instance)
  ret void
}
